Listing available models...
??? Model gemini-1.5-flash FAILED: [GoogleGenerativeAI Error]: Error fetching from https://generativelanguage.googleapis.com/v1/models/gemini-1.5-flash:generateContent: [404 Not Found] models/gemini-1.5-flash is not found for API version v1, or is not supported for generateContent. Call ListModels to see the list of available models and their supported methods.
??? Model gemma-3-4b FAILED: [GoogleGenerativeAI Error]: Error fetching from https://generativelanguage.googleapis.com/v1/models/gemma-3-4b:generateContent: [404 Not Found] models/gemma-3-4b is not found for API version v1, or is not supported for generateContent. Call ListModels to see the list of available models and their supported methods.
??? Model gemma-3-4b-it FAILED: [GoogleGenerativeAI Error]: Error fetching from https://generativelanguage.googleapis.com/v1/models/gemma-3-4b-it:generateContent: [404 Not Found] models/gemma-3-4b-it is not found for API version v1, or is not supported for generateContent. Call ListModels to see the list of available models and their supported methods.
??? Model gemma-3-12b FAILED: [GoogleGenerativeAI Error]: Error fetching from https://generativelanguage.googleapis.com/v1/models/gemma-3-12b:generateContent: [404 Not Found] models/gemma-3-12b is not found for API version v1, or is not supported for generateContent. Call ListModels to see the list of available models and their supported methods.
??? Model gemma-3-12b-it FAILED: [GoogleGenerativeAI Error]: Error fetching from https://generativelanguage.googleapis.com/v1/models/gemma-3-12b-it:generateContent: [404 Not Found] models/gemma-3-12b-it is not found for API version v1, or is not supported for generateContent. Call ListModels to see the list of available models and their supported methods.
??? Model models/gemma-3-4b FAILED: [GoogleGenerativeAI Error]: Error fetching from https://generativelanguage.googleapis.com/v1/models/gemma-3-4b:generateContent: [404 Not Found] models/gemma-3-4b is not found for API version v1, or is not supported for generateContent. Call ListModels to see the list of available models and their supported methods.
??? Model models/gemma-3-12b FAILED: [GoogleGenerativeAI Error]: Error fetching from https://generativelanguage.googleapis.com/v1/models/gemma-3-12b:generateContent: [404 Not Found] models/gemma-3-12b is not found for API version v1, or is not supported for generateContent. Call ListModels to see the list of available models and their supported methods.
